Archive member included to satisfy reference by file (symbol)

/usr/lib/gcc/arm-none-eabi/10.3.1/../../../arm-none-eabi/lib/thumb/v7-m/nofp/libc_nano.a(lib_a-atexit.o)
                              /usr/lib/gcc/arm-none-eabi/10.3.1/../../../arm-none-eabi/lib/thumb/v7-m/nofp/crt0.o (atexit)
/usr/lib/gcc/arm-none-eabi/10.3.1/../../../arm-none-eabi/lib/thumb/v7-m/nofp/libc_nano.a(lib_a-exit.o)
                              /usr/lib/gcc/arm-none-eabi/10.3.1/../../../arm-none-eabi/lib/thumb/v7-m/nofp/crt0.o (exit)
/usr/lib/gcc/arm-none-eabi/10.3.1/../../../arm-none-eabi/lib/thumb/v7-m/nofp/libc_nano.a(lib_a-fini.o)
                              /usr/lib/gcc/arm-none-eabi/10.3.1/../../../arm-none-eabi/lib/thumb/v7-m/nofp/crt0.o (__libc_fini_array)
/usr/lib/gcc/arm-none-eabi/10.3.1/../../../arm-none-eabi/lib/thumb/v7-m/nofp/libc_nano.a(lib_a-impure.o)
                              /usr/lib/gcc/arm-none-eabi/10.3.1/../../../arm-none-eabi/lib/thumb/v7-m/nofp/libc_nano.a(lib_a-exit.o) (_global_impure_ptr)
/usr/lib/gcc/arm-none-eabi/10.3.1/../../../arm-none-eabi/lib/thumb/v7-m/nofp/libc_nano.a(lib_a-init.o)
                              /usr/lib/gcc/arm-none-eabi/10.3.1/../../../arm-none-eabi/lib/thumb/v7-m/nofp/crt0.o (__libc_init_array)
/usr/lib/gcc/arm-none-eabi/10.3.1/../../../arm-none-eabi/lib/thumb/v7-m/nofp/libc_nano.a(lib_a-memset.o)
                              /usr/lib/gcc/arm-none-eabi/10.3.1/../../../arm-none-eabi/lib/thumb/v7-m/nofp/crt0.o (memset)
/usr/lib/gcc/arm-none-eabi/10.3.1/../../../arm-none-eabi/lib/thumb/v7-m/nofp/libc_nano.a(lib_a-__atexit.o)
                              /usr/lib/gcc/arm-none-eabi/10.3.1/../../../arm-none-eabi/lib/thumb/v7-m/nofp/libc_nano.a(lib_a-atexit.o) (__register_exitproc)
/usr/lib/gcc/arm-none-eabi/10.3.1/../../../arm-none-eabi/lib/thumb/v7-m/nofp/libc_nano.a(lib_a-__call_atexit.o)
                              /usr/lib/gcc/arm-none-eabi/10.3.1/../../../arm-none-eabi/lib/thumb/v7-m/nofp/libc_nano.a(lib_a-__atexit.o) (__call_exitprocs)
/usr/lib/gcc/arm-none-eabi/10.3.1/../../../arm-none-eabi/lib/thumb/v7-m/nofp/libnosys.a(_exit.o)
                              /usr/lib/gcc/arm-none-eabi/10.3.1/../../../arm-none-eabi/lib/thumb/v7-m/nofp/libc_nano.a(lib_a-exit.o) (_exit)

Discarded input sections

 .text          0x0000000000000000        0x0 /usr/lib/gcc/arm-none-eabi/10.3.1/thumb/v7-m/nofp/crti.o
 .data          0x0000000000000000        0x0 /usr/lib/gcc/arm-none-eabi/10.3.1/thumb/v7-m/nofp/crti.o
 .bss           0x0000000000000000        0x0 /usr/lib/gcc/arm-none-eabi/10.3.1/thumb/v7-m/nofp/crti.o
 .data          0x0000000000000000        0x4 /usr/lib/gcc/arm-none-eabi/10.3.1/thumb/v7-m/nofp/crtbegin.o
 .rodata        0x0000000000000000       0x24 /usr/lib/gcc/arm-none-eabi/10.3.1/thumb/v7-m/nofp/crtbegin.o
 .text          0x0000000000000000       0x70 /usr/lib/gcc/arm-none-eabi/10.3.1/../../../arm-none-eabi/lib/thumb/v7-m/nofp/crt0.o
 .data          0x0000000000000000        0x0 /usr/lib/gcc/arm-none-eabi/10.3.1/../../../arm-none-eabi/lib/thumb/v7-m/nofp/crt0.o
 .bss           0x0000000000000000        0x0 /usr/lib/gcc/arm-none-eabi/10.3.1/../../../arm-none-eabi/lib/thumb/v7-m/nofp/crt0.o
 .ARM.extab     0x0000000000000000        0x0 /usr/lib/gcc/arm-none-eabi/10.3.1/../../../arm-none-eabi/lib/thumb/v7-m/nofp/crt0.o
 .ARM.exidx     0x0000000000000000       0x10 /usr/lib/gcc/arm-none-eabi/10.3.1/../../../arm-none-eabi/lib/thumb/v7-m/nofp/crt0.o
 .debug_line    0x0000000000000000       0x87 /usr/lib/gcc/arm-none-eabi/10.3.1/../../../arm-none-eabi/lib/thumb/v7-m/nofp/crt0.o
 .debug_info    0x0000000000000000       0x26 /usr/lib/gcc/arm-none-eabi/10.3.1/../../../arm-none-eabi/lib/thumb/v7-m/nofp/crt0.o
 .debug_abbrev  0x0000000000000000       0x14 /usr/lib/gcc/arm-none-eabi/10.3.1/../../../arm-none-eabi/lib/thumb/v7-m/nofp/crt0.o
 .debug_aranges
                0x0000000000000000       0x20 /usr/lib/gcc/arm-none-eabi/10.3.1/../../../arm-none-eabi/lib/thumb/v7-m/nofp/crt0.o
 .debug_str     0x0000000000000000       0x94 /usr/lib/gcc/arm-none-eabi/10.3.1/../../../arm-none-eabi/lib/thumb/v7-m/nofp/crt0.o
 .ARM.attributes
                0x0000000000000000       0x1b /usr/lib/gcc/arm-none-eabi/10.3.1/../../../arm-none-eabi/lib/thumb/v7-m/nofp/crt0.o
 .text          0x0000000000000000        0x0 build/main.o
 .data          0x0000000000000000        0x0 build/main.o
 .bss           0x0000000000000000        0x0 build/main.o
 .text          0x0000000000000000        0x0 build/gpio.o
 .data          0x0000000000000000        0x0 build/gpio.o
 .bss           0x0000000000000000        0x0 build/gpio.o
 .text          0x0000000000000000        0x0 build/spi.o
 .data          0x0000000000000000        0x0 build/spi.o
 .bss           0x0000000000000000        0x0 build/spi.o
 .text.HAL_SPI_MspDeInit
                0x0000000000000000       0x34 build/spi.o
 .text          0x0000000000000000        0x0 build/usart.o
 .data          0x0000000000000000        0x0 build/usart.o
[...]
Memory Configuration

Name             Origin             Length             Attributes
RAM              0x0000000020000000 0x0000000000005000 xrw
FLASH            0x0000000008000000 0x0000000000010000 xr
*default*        0x0000000000000000 0xffffffffffffffff

Linker script and memory map

LOAD /usr/lib/gcc/arm-none-eabi/10.3.1/thumb/v7-m/nofp/crti.o
LOAD /usr/lib/gcc/arm-none-eabi/10.3.1/thumb/v7-m/nofp/crtbegin.o
LOAD /usr/lib/gcc/arm-none-eabi/10.3.1/../../../arm-none-eabi/lib/thumb/v7-m/nofp/crt0.o
LOAD build/main.o
LOAD build/gpio.o
LOAD build/spi.o
LOAD build/usart.o
LOAD build/stm32f1xx_it.o
LOAD build/stm32f1xx_hal_msp.o
LOAD build/stm32f1xx_hal_gpio_ex.o
LOAD build/stm32f1xx_hal_spi.o
LOAD build/stm32f1xx_hal.o
LOAD build/stm32f1xx_hal_rcc.o
LOAD build/stm32f1xx_hal_rcc_ex.o
LOAD build/stm32f1xx_hal_gpio.o
LOAD build/stm32f1xx_hal_dma.o
LOAD build/stm32f1xx_hal_cortex.o
LOAD build/stm32f1xx_hal_pwr.o
LOAD build/stm32f1xx_hal_flash.o
LOAD build/stm32f1xx_hal_flash_ex.o
LOAD build/stm32f1xx_hal_exti.o
LOAD build/stm32f1xx_hal_tim.o
LOAD build/stm32f1xx_hal_tim_ex.o
LOAD build/stm32f1xx_hal_uart.o
LOAD build/system_stm32f1xx.o
LOAD build/startup_stm32f103xb.o
LOAD /usr/lib/gcc/arm-none-eabi/10.3.1/../../../arm-none-eabi/lib/thumb/v7-m/nofp/libc_nano.a
LOAD /usr/lib/gcc/arm-none-eabi/10.3.1/../../../arm-none-eabi/lib/thumb/v7-m/nofp/libm.a
LOAD /usr/lib/gcc/arm-none-eabi/10.3.1/../../../arm-none-eabi/lib/thumb/v7-m/nofp/libnosys.a
START GROUP
LOAD /usr/lib/gcc/arm-none-eabi/10.3.1/thumb/v7-m/nofp/libgcc.a
LOAD /usr/lib/gcc/arm-none-eabi/10.3.1/../../../arm-none-eabi/lib/thumb/v7-m/nofp/libc_nano.a
END GROUP
START GROUP
LOAD /usr/lib/gcc/arm-none-eabi/10.3.1/thumb/v7-m/nofp/libgcc.a
LOAD /usr/lib/gcc/arm-none-eabi/10.3.1/../../../arm-none-eabi/lib/thumb/v7-m/nofp/libc_nano.a
END GROUP
LOAD /usr/lib/gcc/arm-none-eabi/10.3.1/thumb/v7-m/nofp/crtend.o
LOAD /usr/lib/gcc/arm-none-eabi/10.3.1/thumb/v7-m/nofp/crtn.o
                0x0000000020005000                _estack = (ORIGIN (RAM) + LENGTH (RAM))
                0x0000000000000200                _Min_Heap_Size = 0x200
                0x0000000000000400                _Min_Stack_Size = 0x400

.isr_vector     0x0000000008000000      0x10c
                0x0000000008000000                . = ALIGN (0x4)
 *(.isr_vector)
 .isr_vector    0x0000000008000000      0x10c build/startup_stm32f103xb.o
                0x0000000008000000                g_pfnVectors
                0x000000000800010c                . = ALIGN (0x4)

.text           0x000000000800010c     0x1644
                0x000000000800010c                . = ALIGN (0x4)
 *(.text)
 .text          0x000000000800010c       0x88 /usr/lib/gcc/arm-none-eabi/10.3.1/thumb/v7-m/nofp/crtbegin.o
 .text          0x0000000008000194       0x48 /usr/lib/gcc/arm-none-eabi/10.3.1/../../../arm-none-eabi/lib/thumb/v7-m/nofp/libc_nano.a(lib_a-init.o)
                0x0000000008000194                __libc_init_array
 .text          0x00000000080001dc       0xa4 /usr/lib/gcc/arm-none-eabi/10.3.1/../../../arm-none-eabi/lib/thumb/v7-m/nofp/libc_nano.a(lib_a-memset.o)
                0x00000000080001dc                memset
 *(.text*)
 .text.Error_Handler
                0x0000000008000280        0x4 build/main.o
                0x0000000008000280                Error_Handler
 .text.SystemClock_Config
                0x0000000008000284       0x64 build/main.o
                0x0000000008000284                SystemClock_Config
 .text.main     0x00000000080002e8       0x18 build/main.o
                0x00000000080002e8                main
 .text.MX_GPIO_Init
                0x0000000008000300       0x30 build/gpio.o
                0x0000000008000300                MX_GPIO_Init
 .text.MX_SPI1_Init
                0x0000000008000330       0x3c build/spi.o
                0x0000000008000330                MX_SPI1_Init
 .text.HAL_SPI_MspInit
                0x000000000800036c       0x80 build/spi.o
                0x000000000800036c                HAL_SPI_MspInit
 .text.MX_USART1_UART_Init
                0x00000000080003ec       0x34 build/usart.o
                0x00000000080003ec                MX_USART1_UART_Init
 .text.HAL_UART_MspInit
                0x0000000008000420       0x88 build/usart.o
                0x0000000008000420                HAL_UART_MspInit
 .text.NMI_Handler
                0x00000000080004a8        0x2 build/stm32f1xx_it.o
                0x00000000080004a8                NMI_Handler
 .text.HardFault_Handler
                0x00000000080004aa        0x2 build/stm32f1xx_it.o
                0x00000000080004aa                HardFault_Handler
 .text.MemManage_Handler
                0x00000000080004ac        0x2 build/stm32f1xx_it.o
                0x00000000080004ac                MemManage_Handler
 .text.BusFault_Handler
                0x00000000080004ae        0x2 build/stm32f1xx_it.o
                0x00000000080004ae                BusFault_Handler
 .text.UsageFault_Handler
                0x00000000080004b0        0x2 build/stm32f1xx_it.o
                0x00000000080004b0                UsageFault_Handler
 .text.SVC_Handler
                0x00000000080004b2        0x2 build/stm32f1xx_it.o
                0x00000000080004b2                SVC_Handler
 .text.DebugMon_Handler
                0x00000000080004b4        0x2 build/stm32f1xx_it.o
                0x00000000080004b4                DebugMon_Handler
 .text.PendSV_Handler
                0x00000000080004b6        0x2 build/stm32f1xx_it.o
                0x00000000080004b6                PendSV_Handler
 .text.SysTick_Handler
                0x00000000080004b8        0x8 build/stm32f1xx_it.o
                0x00000000080004b8                SysTick_Handler
 .text.SPI1_IRQHandler
                0x00000000080004c0       0x10 build/stm32f1xx_it.o
                0x00000000080004c0                SPI1_IRQHandler
 .text.USART1_IRQHandler
                0x00000000080004d0       0x10 build/stm32f1xx_it.o
                0x00000000080004d0                USART1_IRQHandler
 .text.HAL_MspInit
                0x00000000080004e0       0x30 build/stm32f1xx_hal_msp.o
                0x00000000080004e0                HAL_MspInit
 .text.HAL_SPI_Init
                0x0000000008000510       0xb6 build/stm32f1xx_hal_spi.o
                0x0000000008000510                HAL_SPI_Init
 .text.HAL_SPI_ErrorCallback
                0x00000000080005c6        0x2 build/stm32f1xx_hal_spi.o
                0x00000000080005c6                HAL_SPI_ErrorCallback
 .text.HAL_SPI_IRQHandler
                0x00000000080005c8      0x108 build/stm32f1xx_hal_spi.o
                0x00000000080005c8                HAL_SPI_IRQHandler
 .text.SPI_DMAAbortOnError
                0x00000000080006d0       0x10 build/stm32f1xx_hal_spi.o
 .text.HAL_InitTick
                0x00000000080006e0       0x4c build/stm32f1xx_hal.o
                0x00000000080006e0                HAL_InitTick
 .text.HAL_Init
                0x000000000800072c       0x24 build/stm32f1xx_hal.o
                0x000000000800072c                HAL_Init
 .text.HAL_IncTick
                0x0000000008000750       0x18 build/stm32f1xx_hal.o
                0x0000000008000750                HAL_IncTick
 .text.HAL_GetTick
                0x0000000008000768        0xc build/stm32f1xx_hal.o
                0x0000000008000768                HAL_GetTick
 .text.RCC_Delay
                0x0000000008000774       0x2c build/stm32f1xx_hal_rcc.o
 .text.HAL_RCC_OscConfig
                0x00000000080007a0      0x410 build/stm32f1xx_hal_rcc.o
                0x00000000080007a0                HAL_RCC_OscConfig
 .text.HAL_RCC_GetSysClockFreq
                0x0000000008000bb0       0x54 build/stm32f1xx_hal_rcc.o
                0x0000000008000bb0                HAL_RCC_GetSysClockFreq
 .text.HAL_RCC_ClockConfig
                0x0000000008000c04      0x16c build/stm32f1xx_hal_rcc.o
                0x0000000008000c04                HAL_RCC_ClockConfig
 .text.HAL_RCC_GetHCLKFreq
                0x0000000008000d70        0xc build/stm32f1xx_hal_rcc.o
                0x0000000008000d70                HAL_RCC_GetHCLKFreq
 .text.HAL_RCC_GetPCLK1Freq
                0x0000000008000d7c       0x20 build/stm32f1xx_hal_rcc.o
                0x0000000008000d7c                HAL_RCC_GetPCLK1Freq
 .text.HAL_RCC_GetPCLK2Freq
                0x0000000008000d9c       0x20 build/stm32f1xx_hal_rcc.o
                0x0000000008000d9c                HAL_RCC_GetPCLK2Freq
 .text.HAL_GPIO_Init
                0x0000000008000dbc      0x224 build/stm32f1xx_hal_gpio.o
                0x0000000008000dbc                HAL_GPIO_Init
 .text.HAL_DMA_Abort
                0x0000000008000fe0       0x46 build/stm32f1xx_hal_dma.o
                0x0000000008000fe0                HAL_DMA_Abort
 *fill*         0x0000000008001026        0x2 
 .text.HAL_DMA_Abort_IT
                0x0000000008001028       0x98 build/stm32f1xx_hal_dma.o
                0x0000000008001028                HAL_DMA_Abort_IT
 .text.HAL_NVIC_SetPriorityGrouping
                0x00000000080010c0       0x24 build/stm32f1xx_hal_cortex.o
                0x00000000080010c0                HAL_NVIC_SetPriorityGrouping
 .text.HAL_NVIC_SetPriority
                0x00000000080010e4       0x70 build/stm32f1xx_hal_cortex.o
                0x00000000080010e4                HAL_NVIC_SetPriority
 .text.HAL_NVIC_EnableIRQ
                0x0000000008001154       0x1c build/stm32f1xx_hal_cortex.o
                0x0000000008001154                HAL_NVIC_EnableIRQ
 .text.HAL_SYSTICK_Config
                0x0000000008001170       0x28 build/stm32f1xx_hal_cortex.o
                0x0000000008001170                HAL_SYSTICK_Config
 .text.UART_EndRxTransfer
                0x0000000008001198       0x5c build/stm32f1xx_hal_uart.o
 .text.UART_Transmit_IT
                0x00000000080011f4       0x60 build/stm32f1xx_hal_uart.o
 .text.UART_SetConfig
                0x0000000008001254       0x94 build/stm32f1xx_hal_uart.o
 .text.HAL_UART_Init
                0x00000000080012e8       0x60 build/stm32f1xx_hal_uart.o
                0x00000000080012e8                HAL_UART_Init
 .text.HAL_UART_TxCpltCallback
                0x0000000008001348        0x2 build/stm32f1xx_hal_uart.o
                0x0000000008001348                HAL_UART_TxCpltCallback
 .text.UART_EndTransmit_IT
                0x000000000800134a       0x1a build/stm32f1xx_hal_uart.o
 .text.HAL_UART_RxCpltCallback
                0x0000000008001364        0x2 build/stm32f1xx_hal_uart.o
                0x0000000008001364                HAL_UART_RxCpltCallback
 .text.HAL_UART_ErrorCallback
                0x0000000008001366        0x2 build/stm32f1xx_hal_uart.o
                0x0000000008001366                HAL_UART_ErrorCallback
 .text.UART_DMAAbortOnError
                0x0000000008001368       0x10 build/stm32f1xx_hal_uart.o
 .text.HAL_UARTEx_RxEventCallback
                0x0000000008001378        0x2 build/stm32f1xx_hal_uart.o
                0x0000000008001378                HAL_UARTEx_RxEventCallback
 .text.UART_Receive_IT
                0x000000000800137a       0xe6 build/stm32f1xx_hal_uart.o
 .text.HAL_UART_IRQHandler
                0x0000000008001460      0x288 build/stm32f1xx_hal_uart.o
                0x0000000008001460                HAL_UART_IRQHandler
 .text.SystemInit
                0x00000000080016e8        0x2 build/system_stm32f1xx.o
                0x00000000080016e8                SystemInit
 *fill*         0x00000000080016ea        0x2 
 .text.Reset_Handler
                0x00000000080016ec       0x48 build/startup_stm32f103xb.o
                0x00000000080016ec                Reset_Handler
 .text.Default_Handler
                0x0000000008001734        0x2 build/startup_stm32f103xb.o
                0x0000000008001734                RTC_Alarm_IRQHandler
                0x0000000008001734                EXTI2_IRQHandler
                0x0000000008001734                TIM1_CC_IRQHandler
                0x0000000008001734                PVD_IRQHandler
                0x0000000008001734                EXTI3_IRQHandler
                0x0000000008001734                EXTI0_IRQHandler
                0x0000000008001734                I2C2_EV_IRQHandler
                0x0000000008001734                ADC1_2_IRQHandler
                0x0000000008001734                TAMPER_IRQHandler
                0x0000000008001734                DMA1_Channel4_IRQHandler
                0x0000000008001734                USART3_IRQHandler
                0x0000000008001734                RTC_IRQHandler
                0x0000000008001734                DMA1_Channel7_IRQHandler
                0x0000000008001734                CAN1_RX1_IRQHandler
                0x0000000008001734                TIM4_IRQHandler
                0x0000000008001734                I2C1_EV_IRQHandler
                0x0000000008001734                DMA1_Channel6_IRQHandler
                0x0000000008001734                TIM3_IRQHandler
                0x0000000008001734                RCC_IRQHandler
                0x0000000008001734                TIM1_TRG_COM_IRQHandler
                0x0000000008001734                DMA1_Channel1_IRQHandler
                0x0000000008001734                Default_Handler
                0x0000000008001734                EXTI15_10_IRQHandler
                0x0000000008001734                EXTI9_5_IRQHandler
                0x0000000008001734                SPI2_IRQHandler
                0x0000000008001734                DMA1_Channel5_IRQHandler
                0x0000000008001734                EXTI4_IRQHandler
                0x0000000008001734                USB_LP_CAN1_RX0_IRQHandler
                0x0000000008001734                USB_HP_CAN1_TX_IRQHandler
                0x0000000008001734                DMA1_Channel3_IRQHandler
                0x0000000008001734                TIM1_UP_IRQHandler
                0x0000000008001734                WWDG_IRQHandler
                0x0000000008001734                TIM2_IRQHandler
                0x0000000008001734                TIM1_BRK_IRQHandler
                0x0000000008001734                EXTI1_IRQHandler
                0x0000000008001734                USART2_IRQHandler
                0x0000000008001734                I2C2_ER_IRQHandler
                0x0000000008001734                DMA1_Channel2_IRQHandler
                0x0000000008001734                CAN1_SCE_IRQHandler
                0x0000000008001734                FLASH_IRQHandler
                0x0000000008001734                I2C1_ER_IRQHandler
                0x0000000008001734                USBWakeUp_IRQHandler
 *(.glue_7)
 .glue_7        0x0000000008001736        0x0 linker stubs
 *(.glue_7t)
 .glue_7t       0x0000000008001736        0x0 linker stubs
 *(.eh_frame)
 *fill*         0x0000000008001736        0x2 
 .eh_frame      0x0000000008001738        0x0 /usr/lib/gcc/arm-none-eabi/10.3.1/thumb/v7-m/nofp/crtbegin.o
 *(.init)
 .init          0x0000000008001738        0x4 /usr/lib/gcc/arm-none-eabi/10.3.1/thumb/v7-m/nofp/crti.o
                0x0000000008001738                _init
 .init          0x000000000800173c        0x8 /usr/lib/gcc/arm-none-eabi/10.3.1/thumb/v7-m/nofp/crtn.o
 *(.fini)
 .fini          0x0000000008001744        0x4 /usr/lib/gcc/arm-none-eabi/10.3.1/thumb/v7-m/nofp/crti.o
                0x0000000008001744                _fini
 .fini          0x0000000008001748        0x8 /usr/lib/gcc/arm-none-eabi/10.3.1/thumb/v7-m/nofp/crtn.o
                0x0000000008001750                . = ALIGN (0x4)
                0x0000000008001750                _etext = .

.vfp11_veneer   0x0000000008001750        0x0
 .vfp11_veneer  0x0000000008001750        0x0 linker stubs

.v4_bx          0x0000000008001750        0x0
 .v4_bx         0x0000000008001750        0x0 linker stubs

.iplt           0x0000000008001750        0x0
 .iplt          0x0000000008001750        0x0 /usr/lib/gcc/arm-none-eabi/10.3.1/thumb/v7-m/nofp/crtbegin.o

.rodata         0x0000000008001750       0x2c
                0x0000000008001750                . = ALIGN (0x4)
 *(.rodata)
 *(.rodata*)
 .rodata.aPLLMULFactorTable.1
                0x0000000008001750       0x10 build/stm32f1xx_hal_rcc.o
 .rodata.aPredivFactorTable.0
                0x0000000008001760        0x2 build/stm32f1xx_hal_rcc.o
 *fill*         0x0000000008001762        0x2 
 .rodata.AHBPrescTable
                0x0000000008001764       0x10 build/system_stm32f1xx.o
                0x0000000008001764                AHBPrescTable
 .rodata.APBPrescTable
                0x0000000008001774        0x8 build/system_stm32f1xx.o
                0x0000000008001774                APBPrescTable
                0x000000000800177c                . = ALIGN (0x4)

.rel.dyn        0x000000000800177c        0x0
 .rel.iplt      0x000000000800177c        0x0 /usr/lib/gcc/arm-none-eabi/10.3.1/thumb/v7-m/nofp/crtbegin.o

.ARM.extab
 *(.ARM.extab* .gnu.linkonce.armextab.*)

.ARM            0x000000000800177c        0x0
                0x000000000800177c                __exidx_start = .
 *(.ARM.exidx*)
                0x000000000800177c                __exidx_end = .

.preinit_array  0x000000000800177c        0x0
                0x000000000800177c                PROVIDE (__preinit_array_start = .)
 *(.preinit_array*)
                0x000000000800177c                PROVIDE (__preinit_array_end = .)

.init_array     0x000000000800177c        0x4
                0x000000000800177c                PROVIDE (__init_array_start = .)
 *(SORT_BY_NAME(.init_array.*))
 *(.init_array*)
 .init_array    0x000000000800177c        0x4 /usr/lib/gcc/arm-none-eabi/10.3.1/thumb/v7-m/nofp/crtbegin.o
                0x0000000008001780                PROVIDE (__init_array_end = .)

.fini_array     0x0000000008001780        0x4
                0x0000000008001780                PROVIDE (__fini_array_start = .)
 *(SORT_BY_NAME(.fini_array.*))
 *(.fini_array*)
 .fini_array    0x0000000008001780        0x4 /usr/lib/gcc/arm-none-eabi/10.3.1/thumb/v7-m/nofp/crtbegin.o
                0x0000000008001784                PROVIDE (__fini_array_end = .)
                0x0000000008001784                _sidata = LOADADDR (.data)

.data           0x0000000020000000        0xc load address 0x0000000008001784
                0x0000000020000000                . = ALIGN (0x4)
                0x0000000020000000                _sdata = .
 *(.data)
 *(.data*)
 .data.uwTickFreq
                0x0000000020000000        0x1 build/stm32f1xx_hal.o
                0x0000000020000000                uwTickFreq
 *fill*         0x0000000020000001        0x3 
 .data.uwTickPrio
                0x0000000020000004        0x4 build/stm32f1xx_hal.o
                0x0000000020000004                uwTickPrio
 .data.SystemCoreClock
                0x0000000020000008        0x4 build/system_stm32f1xx.o
                0x0000000020000008                SystemCoreClock
                0x000000002000000c                . = ALIGN (0x4)
                0x000000002000000c                _edata = .

.tm_clone_table
                0x000000002000000c        0x0 load address 0x0000000008001790
 .tm_clone_table
                0x000000002000000c        0x0 /usr/lib/gcc/arm-none-eabi/10.3.1/thumb/v7-m/nofp/crtbegin.o
 .tm_clone_table
                0x000000002000000c        0x0 /usr/lib/gcc/arm-none-eabi/10.3.1/thumb/v7-m/nofp/crtend.o

.igot.plt       0x000000002000000c        0x0 load address 0x0000000008001790
 .igot.plt      0x000000002000000c        0x0 /usr/lib/gcc/arm-none-eabi/10.3.1/thumb/v7-m/nofp/crtbegin.o
                0x000000002000000c                . = ALIGN (0x4)

.bss            0x000000002000000c       0xc0 load address 0x0000000008001790
                0x000000002000000c                _sbss = .
                0x000000002000000c                __bss_start__ = _sbss
 *(.bss)
 .bss           0x000000002000000c       0x1c /usr/lib/gcc/arm-none-eabi/10.3.1/thumb/v7-m/nofp/crtbegin.o
 *(.bss*)
 .bss.hspi1     0x0000000020000028       0x58 build/spi.o
                0x0000000020000028                hspi1
 .bss.huart1    0x0000000020000080       0x48 build/usart.o
                0x0000000020000080                huart1
 .bss.uwTick    0x00000000200000c8        0x4 build/stm32f1xx_hal.o
                0x00000000200000c8                uwTick
 *(COMMON)
                0x00000000200000cc                . = ALIGN (0x4)
                0x00000000200000cc                _ebss = .
                0x00000000200000cc                __bss_end__ = _ebss

._user_heap_stack
                0x00000000200000cc      0x604 load address 0x0000000008001790
                0x00000000200000d0                . = ALIGN (0x8)
 *fill*         0x00000000200000cc        0x4 
                [!provide]                        PROVIDE (end = .)
                [!provide]                        PROVIDE (_end = .)
                0x00000000200002d0                . = (. + _Min_Heap_Size)
 *fill*         0x00000000200000d0      0x200 
                0x00000000200006d0                . = (. + _Min_Stack_Size)
 *fill*         0x00000000200002d0      0x400 
                0x00000000200006d0                . = ALIGN (0x8)

/DISCARD/
 libc.a(*)
 libm.a(*)
 libgcc.a(*)

.ARM.attributes
                0x0000000000000000       0x29
 *(.ARM.attributes)
 .ARM.attributes
                0x0000000000000000       0x1d /usr/lib/gcc/arm-none-eabi/10.3.1/thumb/v7-m/nofp/crti.o
 .ARM.attributes
                0x000000000000001d       0x2d /usr/lib/gcc/arm-none-eabi/10.3.1/thumb/v7-m/nofp/crtbegin.o
 .ARM.attributes
                0x000000000000004a       0x2d build/main.o
 .ARM.attributes
                0x0000000000000077       0x2d build/gpio.o
 .ARM.attributes
                0x00000000000000a4       0x2d build/spi.o
 .ARM.attributes
                0x00000000000000d1       0x2d build/usart.o
 .ARM.attributes
                0x00000000000000fe       0x2d build/stm32f1xx_it.o
 .ARM.attributes
                0x000000000000012b       0x2d build/stm32f1xx_hal_msp.o
 .ARM.attributes
                0x0000000000000158       0x2d build/stm32f1xx_hal_spi.o
 .ARM.attributes
                0x0000000000000185       0x2d build/stm32f1xx_hal.o
 .ARM.attributes
                0x00000000000001b2       0x2d build/stm32f1xx_hal_rcc.o
 .ARM.attributes
                0x00000000000001df       0x2d build/stm32f1xx_hal_gpio.o
 .ARM.attributes
                0x000000000000020c       0x2d build/stm32f1xx_hal_dma.o
 .ARM.attributes
                0x0000000000000239       0x2d build/stm32f1xx_hal_cortex.o
 .ARM.attributes
                0x0000000000000266       0x2d build/stm32f1xx_hal_uart.o
 .ARM.attributes
                0x0000000000000293       0x2d build/system_stm32f1xx.o
 .ARM.attributes
                0x00000000000002c0       0x21 build/startup_stm32f103xb.o
 .ARM.attributes
                0x00000000000002e1       0x2d /usr/lib/gcc/arm-none-eabi/10.3.1/../../../arm-none-eabi/lib/thumb/v7-m/nofp/libc_nano.a(lib_a-init.o)
 .ARM.attributes
                0x000000000000030e       0x2d /usr/lib/gcc/arm-none-eabi/10.3.1/../../../arm-none-eabi/lib/thumb/v7-m/nofp/libc_nano.a(lib_a-memset.o)
 .ARM.attributes
                0x000000000000033b       0x2d /usr/lib/gcc/arm-none-eabi/10.3.1/thumb/v7-m/nofp/crtend.o
 .ARM.attributes
                0x0000000000000368       0x1d /usr/lib/gcc/arm-none-eabi/10.3.1/thumb/v7-m/nofp/crtn.o
OUTPUT(build/test.elf elf32-littlearm)
LOAD linker stubs
LOAD /usr/lib/gcc/arm-none-eabi/10.3.1/../../../arm-none-eabi/lib/thumb/v7-m/nofp/libc.a
LOAD /usr/lib/gcc/arm-none-eabi/10.3.1/../../../arm-none-eabi/lib/thumb/v7-m/nofp/libm.a
LOAD /usr/lib/gcc/arm-none-eabi/10.3.1/thumb/v7-m/nofp/libgcc.a

.comment        0x0000000000000000       0x33
 .comment       0x0000000000000000       0x33 /usr/lib/gcc/arm-none-eabi/10.3.1/thumb/v7-m/nofp/crtbegin.o
                                         0x34 (size before relaxing)
 .comment       0x0000000000000033       0x34 build/main.o
 .comment       0x0000000000000033       0x34 build/gpio.o
 .comment       0x0000000000000033       0x34 build/spi.o
 .comment       0x0000000000000033       0x34 build/usart.o
 .comment       0x0000000000000033       0x34 build/stm32f1xx_it.o
 .comment       0x0000000000000033       0x34 build/stm32f1xx_hal_msp.o
 .comment       0x0000000000000033       0x34 build/stm32f1xx_hal_spi.o
 .comment       0x0000000000000033       0x34 build/stm32f1xx_hal.o
 .comment       0x0000000000000033       0x34 build/stm32f1xx_hal_rcc.o
 .comment       0x0000000000000033       0x34 build/stm32f1xx_hal_gpio.o
 .comment       0x0000000000000033       0x34 build/stm32f1xx_hal_dma.o
 .comment       0x0000000000000033       0x34 build/stm32f1xx_hal_cortex.o
 .comment       0x0000000000000033       0x34 build/stm32f1xx_hal_uart.o
 .comment       0x0000000000000033       0x34 build/system_stm32f1xx.o
 .comment       0x0000000000000033       0x34 /usr/lib/gcc/arm-none-eabi/10.3.1/../../../arm-none-eabi/lib/thumb/v7-m/nofp/libc_nano.a(lib_a-init.o)
 .comment       0x0000000000000033       0x34 /usr/lib/gcc/arm-none-eabi/10.3.1/../../../arm-none-eabi/lib/thumb/v7-m/nofp/libc_nano.a(lib_a-memset.o)
 .comment       0x0000000000000033       0x34 /usr/lib/gcc/arm-none-eabi/10.3.1/thumb/v7-m/nofp/crtend.o

.debug_info     0x0000000000000000     0xbd45
 .debug_info    0x0000000000000000      0x362 build/main.o
 .debug_info    0x0000000000000362      0x18d build/gpio.o
 .debug_info    0x00000000000004ef      0xac8 build/spi.o
 .debug_info    0x0000000000000fb7      0xaa3 build/usart.o
 .debug_info    0x0000000000001a5a      0x9c7 build/stm32f1xx_it.o
 .debug_info    0x0000000000002421      0x18d build/stm32f1xx_hal_msp.o
 .debug_info    0x00000000000025ae     0x1ec0 build/stm32f1xx_hal_spi.o
 .debug_info    0x000000000000446e      0x849 build/stm32f1xx_hal.o
 .debug_info    0x0000000000004cb7      0xacc build/stm32f1xx_hal_rcc.o
 .debug_info    0x0000000000005783      0x6bf build/stm32f1xx_hal_gpio.o
 .debug_info    0x0000000000005e42      0x8b4 build/stm32f1xx_hal_dma.o
 .debug_info    0x00000000000066f6      0xe09 build/stm32f1xx_hal_cortex.o
 .debug_info    0x00000000000074ff     0x437d build/stm32f1xx_hal_uart.o
 .debug_info    0x000000000000b87c      0x256 build/system_stm32f1xx.o
 .debug_info    0x000000000000bad2       0x22 build/startup_stm32f103xb.o
 .debug_info    0x000000000000baf4      0x11a /usr/lib/gcc/arm-none-eabi/10.3.1/../../../arm-none-eabi/lib/thumb/v7-m/nofp/libc_nano.a(lib_a-init.o)
 .debug_info    0x000000000000bc0e      0x137 /usr/lib/gcc/arm-none-eabi/10.3.1/../../../arm-none-eabi/lib/thumb/v7-m/nofp/libc_nano.a(lib_a-memset.o)

.debug_abbrev   0x0000000000000000     0x1d1d
 .debug_abbrev  0x0000000000000000      0x183 build/main.o
 .debug_abbrev  0x0000000000000183       0xc1 build/gpio.o
 .debug_abbrev  0x0000000000000244      0x1ce build/spi.o
 .debug_abbrev  0x0000000000000412      0x1d5 build/usart.o
 .debug_abbrev  0x00000000000005e7      0x16f build/stm32f1xx_it.o
 .debug_abbrev  0x0000000000000756       0xc1 build/stm32f1xx_hal_msp.o
 .debug_abbrev  0x0000000000000817      0x292 build/stm32f1xx_hal_spi.o
 .debug_abbrev  0x0000000000000aa9      0x1f7 build/stm32f1xx_hal.o
 .debug_abbrev  0x0000000000000ca0      0x2b8 build/stm32f1xx_hal_rcc.o
 .debug_abbrev  0x0000000000000f58      0x222 build/stm32f1xx_hal_gpio.o
 .debug_abbrev  0x000000000000117a      0x244 build/stm32f1xx_hal_dma.o
 .debug_abbrev  0x00000000000013be      0x359 build/stm32f1xx_hal_cortex.o
 .debug_abbrev  0x0000000000001717      0x334 build/stm32f1xx_hal_uart.o
 .debug_abbrev  0x0000000000001a4b      0x140 build/system_stm32f1xx.o
 .debug_abbrev  0x0000000000001b8b       0x12 build/startup_stm32f103xb.o
 .debug_abbrev  0x0000000000001b9d       0xcc /usr/lib/gcc/arm-none-eabi/10.3.1/../../../arm-none-eabi/lib/thumb/v7-m/nofp/libc_nano.a(lib_a-init.o)
 .debug_abbrev  0x0000000000001c69       0xb4 /usr/lib/gcc/arm-none-eabi/10.3.1/../../../arm-none-eabi/lib/thumb/v7-m/nofp/libc_nano.a(lib_a-memset.o)

.debug_loc      0x0000000000000000     0x9a6f
 .debug_loc     0x0000000000000000       0x66 build/main.o
 .debug_loc     0x0000000000000066       0x2c build/gpio.o
 .debug_loc     0x0000000000000092      0x108 build/spi.o
 .debug_loc     0x000000000000019a      0x108 build/usart.o
 .debug_loc     0x00000000000002a2       0x60 build/stm32f1xx_it.o
 .debug_loc     0x0000000000000302       0x2c build/stm32f1xx_hal_msp.o
 .debug_loc     0x000000000000032e     0x255b build/stm32f1xx_hal_spi.o
 .debug_loc     0x0000000000002889      0x1e1 build/stm32f1xx_hal.o
 .debug_loc     0x0000000000002a6a      0x790 build/stm32f1xx_hal_rcc.o
 .debug_loc     0x00000000000031fa      0x551 build/stm32f1xx_hal_gpio.o
 .debug_loc     0x000000000000374b      0x901 build/stm32f1xx_hal_dma.o
 .debug_loc     0x000000000000404c      0x77f build/stm32f1xx_hal_cortex.o
 .debug_loc     0x00000000000047cb     0x4ebf build/stm32f1xx_hal_uart.o
 .debug_loc     0x000000000000968a       0xff build/system_stm32f1xx.o
 .debug_loc     0x0000000000009789       0xba /usr/lib/gcc/arm-none-eabi/10.3.1/../../../arm-none-eabi/lib/thumb/v7-m/nofp/libc_nano.a(lib_a-init.o)
 .debug_loc     0x0000000000009843      0x22c /usr/lib/gcc/arm-none-eabi/10.3.1/../../../arm-none-eabi/lib/thumb/v7-m/nofp/libc_nano.a(lib_a-memset.o)

.debug_aranges  0x0000000000000000      0x880
 .debug_aranges
                0x0000000000000000       0x30 build/main.o
 .debug_aranges
                0x0000000000000030       0x20 build/gpio.o
 .debug_aranges
                0x0000000000000050       0x30 build/spi.o
 .debug_aranges
                0x0000000000000080       0x30 build/usart.o
 .debug_aranges
                0x00000000000000b0       0x70 build/stm32f1xx_it.o
 .debug_aranges
                0x0000000000000120       0x20 build/stm32f1xx_hal_msp.o
 .debug_aranges
                0x0000000000000140      0x1d0 build/stm32f1xx_hal_spi.o
 .debug_aranges
                0x0000000000000310       0xe0 build/stm32f1xx_hal.o
 .debug_aranges
                0x00000000000003f0       0x90 build/stm32f1xx_hal_rcc.o
 .debug_aranges
                0x0000000000000480       0x58 build/stm32f1xx_hal_gpio.o
 .debug_aranges
                0x00000000000004d8       0x80 build/stm32f1xx_hal_dma.o
 .debug_aranges
                0x0000000000000558       0x90 build/stm32f1xx_hal_cortex.o
 .debug_aranges
                0x00000000000005e8      0x208 build/stm32f1xx_hal_uart.o
 .debug_aranges
                0x00000000000007f0       0x28 build/system_stm32f1xx.o
 .debug_aranges
                0x0000000000000818       0x28 build/startup_stm32f103xb.o
 .debug_aranges
                0x0000000000000840       0x20 /usr/lib/gcc/arm-none-eabi/10.3.1/../../../arm-none-eabi/lib/thumb/v7-m/nofp/libc_nano.a(lib_a-init.o)
 .debug_aranges
                0x0000000000000860       0x20 /usr/lib/gcc/arm-none-eabi/10.3.1/../../../arm-none-eabi/lib/thumb/v7-m/nofp/libc_nano.a(lib_a-memset.o)

.debug_ranges   0x0000000000000000      0x7f0
 .debug_ranges  0x0000000000000000       0x20 build/main.o
 .debug_ranges  0x0000000000000020       0x10 build/gpio.o
 .debug_ranges  0x0000000000000030       0x20 build/spi.o
 .debug_ranges  0x0000000000000050       0x20 build/usart.o
 .debug_ranges  0x0000000000000070       0x60 build/stm32f1xx_it.o
 .debug_ranges  0x00000000000000d0       0x10 build/stm32f1xx_hal_msp.o
 .debug_ranges  0x00000000000000e0      0x1c0 build/stm32f1xx_hal_spi.o
 .debug_ranges  0x00000000000002a0       0xd0 build/stm32f1xx_hal.o
 .debug_ranges  0x0000000000000370       0xa0 build/stm32f1xx_hal_rcc.o
 .debug_ranges  0x0000000000000410       0x48 build/stm32f1xx_hal_gpio.o
 .debug_ranges  0x0000000000000458       0x70 build/stm32f1xx_hal_dma.o
 .debug_ranges  0x00000000000004c8       0xe0 build/stm32f1xx_hal_cortex.o
 .debug_ranges  0x00000000000005a8      0x210 build/stm32f1xx_hal_uart.o
 .debug_ranges  0x00000000000007b8       0x18 build/system_stm32f1xx.o
 .debug_ranges  0x00000000000007d0       0x20 build/startup_stm32f103xb.o

.debug_line     0x0000000000000000     0x9bdd
 .debug_line    0x0000000000000000      0x236 build/main.o
 .debug_line    0x0000000000000236       0xc4 build/gpio.o
 .debug_line    0x00000000000002fa      0x272 build/spi.o
 .debug_line    0x000000000000056c      0x26d build/usart.o
 .debug_line    0x00000000000007d9      0x277 build/stm32f1xx_it.o
 .debug_line    0x0000000000000a50       0xd2 build/stm32f1xx_hal_msp.o
 .debug_line    0x0000000000000b22     0x2423 build/stm32f1xx_hal_spi.o
 .debug_line    0x0000000000002f45      0x489 build/stm32f1xx_hal.o
 .debug_line    0x00000000000033ce      0xb79 build/stm32f1xx_hal_rcc.o
 .debug_line    0x0000000000003f47      0x53c build/stm32f1xx_hal_gpio.o
 .debug_line    0x0000000000004483      0x9b5 build/stm32f1xx_hal_dma.o
 .debug_line    0x0000000000004e38      0x594 build/stm32f1xx_hal_cortex.o
 .debug_line    0x00000000000053cc     0x42fe build/stm32f1xx_hal_uart.o
 .debug_line    0x00000000000096ca      0x1a1 build/system_stm32f1xx.o
 .debug_line    0x000000000000986b       0x74 build/startup_stm32f103xb.o
 .debug_line    0x00000000000098df      0x13f /usr/lib/gcc/arm-none-eabi/10.3.1/../../../arm-none-eabi/lib/thumb/v7-m/nofp/libc_nano.a(lib_a-init.o)
 .debug_line    0x0000000000009a1e      0x1bf /usr/lib/gcc/arm-none-eabi/10.3.1/../../../arm-none-eabi/lib/thumb/v7-m/nofp/libc_nano.a(lib_a-memset.o)

.debug_str      0x0000000000000000     0x276d
 .debug_str     0x0000000000000000      0x2f9 build/main.o
                                        0x334 (size before relaxing)
 .debug_str     0x00000000000002f9       0x51 build/gpio.o
                                        0x1a8 (size before relaxing)
 .debug_str     0x000000000000034a      0x735 build/spi.o
                                        0x94a (size before relaxing)
 .debug_str     0x0000000000000a7f      0x1e1 build/usart.o
                                        0x97f (size before relaxing)
 .debug_str     0x0000000000000c60       0xfd build/stm32f1xx_it.o
                                        0x7b8 (size before relaxing)
 .debug_str     0x0000000000000d5d       0x29 build/stm32f1xx_hal_msp.o
                                        0x1b4 (size before relaxing)
 .debug_str     0x0000000000000d86      0x580 build/stm32f1xx_hal_spi.o
                                        0xb15 (size before relaxing)
 .debug_str     0x0000000000001306      0x2e3 build/stm32f1xx_hal.o
                                        0x7e7 (size before relaxing)
 .debug_str     0x00000000000015e9      0x202 build/stm32f1xx_hal_rcc.o
                                        0x5d9 (size before relaxing)
 .debug_str     0x00000000000017eb      0x173 build/stm32f1xx_hal_gpio.o
                                        0x3b8 (size before relaxing)
 .debug_str     0x000000000000195e      0x207 build/stm32f1xx_hal_dma.o
                                        0x5c0 (size before relaxing)
 .debug_str     0x0000000000001b65      0x391 build/stm32f1xx_hal_cortex.o
                                        0x882 (size before relaxing)
 .debug_str     0x0000000000001ef6      0x5f8 build/stm32f1xx_hal_uart.o
                                        0xca2 (size before relaxing)
 .debug_str     0x00000000000024ee       0x4f build/system_stm32f1xx.o
                                        0x20d (size before relaxing)
 .debug_str     0x000000000000253d       0x22 build/startup_stm32f103xb.o
                                         0x3f (size before relaxing)
 .debug_str     0x000000000000255f      0x168 /usr/lib/gcc/arm-none-eabi/10.3.1/../../../arm-none-eabi/lib/thumb/v7-m/nofp/libc_nano.a(lib_a-init.o)
                                        0x203 (size before relaxing)
 .debug_str     0x00000000000026c7       0xa6 /usr/lib/gcc/arm-none-eabi/10.3.1/../../../arm-none-eabi/lib/thumb/v7-m/nofp/libc_nano.a(lib_a-memset.o)
                                        0x1b8 (size before relaxing)

.debug_frame    0x0000000000000000     0x14e0
 .debug_frame   0x0000000000000000       0x58 build/main.o
 .debug_frame   0x0000000000000058       0x28 build/gpio.o
 .debug_frame   0x0000000000000080       0x60 build/spi.o
 .debug_frame   0x00000000000000e0       0x64 build/usart.o
 .debug_frame   0x0000000000000144       0xd8 build/stm32f1xx_it.o
 .debug_frame   0x000000000000021c       0x28 build/stm32f1xx_hal_msp.o
 .debug_frame   0x0000000000000244      0x5ac build/stm32f1xx_hal_spi.o
 .debug_frame   0x00000000000007f0      0x1cc build/stm32f1xx_hal.o
 .debug_frame   0x00000000000009bc      0x184 build/stm32f1xx_hal_rcc.o
 .debug_frame   0x0000000000000b40       0xe4 build/stm32f1xx_hal_gpio.o
 .debug_frame   0x0000000000000c24      0x144 build/stm32f1xx_hal_dma.o
 .debug_frame   0x0000000000000d68      0x118 build/stm32f1xx_hal_cortex.o
 .debug_frame   0x0000000000000e80      0x5d8 build/stm32f1xx_hal_uart.o
 .debug_frame   0x0000000000001458       0x30 build/system_stm32f1xx.o
 .debug_frame   0x0000000000001488       0x2c /usr/lib/gcc/arm-none-eabi/10.3.1/../../../arm-none-eabi/lib/thumb/v7-m/nofp/libc_nano.a(lib_a-init.o)
 .debug_frame   0x00000000000014b4       0x2c /usr/lib/gcc/arm-none-eabi/10.3.1/../../../arm-none-eabi/lib/thumb/v7-m/nofp/libc_nano.a(lib_a-memset.o)

Cross Reference Table

Symbol                                            File
ADC1_2_IRQHandler                                 build/startup_stm32f103xb.o
AHBPrescTable                                     build/system_stm32f1xx.o
                                                  build/stm32f1xx_hal_rcc.o
APBPrescTable                                     build/system_stm32f1xx.o
                                                  build/stm32f1xx_hal_rcc.o
BusFault_Handler                                  build/stm32f1xx_it.o
CAN1_RX1_IRQHandler                               build/startup_stm32f103xb.o
CAN1_SCE_IRQHandler                               build/startup_stm32f103xb.o
DMA1_Channel1_IRQHandler                          build/startup_stm32f103xb.o
DMA1_Channel2_IRQHandler                          build/startup_stm32f103xb.o
DMA1_Channel3_IRQHandler                          build/startup_stm32f103xb.o
DMA1_Channel4_IRQHandler                          build/startup_stm32f103xb.o
DMA1_Channel5_IRQHandler                          build/startup_stm32f103xb.o
DMA1_Channel6_IRQHandler                          build/startup_stm32f103xb.o
DMA1_Channel7_IRQHandler                          build/startup_stm32f103xb.o
DebugMon_Handler                                  build/stm32f1xx_it.o
Default_Handler                                   build/startup_stm32f103xb.o
EXTI0_IRQHandler                                  build/startup_stm32f103xb.o
EXTI15_10_IRQHandler                              build/startup_stm32f103xb.o
EXTI1_IRQHandler                                  build/startup_stm32f103xb.o
EXTI2_IRQHandler                                  build/startup_stm32f103xb.o
EXTI3_IRQHandler                                  build/startup_stm32f103xb.o
EXTI4_IRQHandler                                  build/startup_stm32f103xb.o
EXTI9_5_IRQHandler                                build/startup_stm32f103xb.o
Error_Handler                                     build/main.o
                                                  build/usart.o
                                                  build/spi.o
FLASH_IRQHandler                                  build/startup_stm32f103xb.o
FLASH_PageErase                                   build/stm32f1xx_hal_flash_ex.o
                                                  build/stm32f1xx_hal_flash.o
FLASH_WaitForLastOperation                        build/stm32f1xx_hal_flash.o
                                                  build/stm32f1xx_hal_flash_ex.o
HAL_DBGMCU_DisableDBGSleepMode                    build/stm32f1xx_hal.o
HAL_DBGMCU_DisableDBGStandbyMode                  build/stm32f1xx_hal.o
HAL_DBGMCU_DisableDBGStopMode                     build/stm32f1xx_hal.o
HAL_DBGMCU_EnableDBGSleepMode                     build/stm32f1xx_hal.o
HAL_DBGMCU_EnableDBGStandbyMode                   build/stm32f1xx_hal.o
HAL_DBGMCU_EnableDBGStopMode                      build/stm32f1xx_hal.o
HAL_DMA_Abort                                     build/stm32f1xx_hal_dma.o
                                                  build/stm32f1xx_hal_uart.o
                                                  build/stm32f1xx_hal_spi.o
HAL_DMA_Abort_IT                                  build/stm32f1xx_hal_dma.o
                                                  build/stm32f1xx_hal_uart.o
                                                  build/stm32f1xx_hal_spi.o
HAL_DMA_DeInit                                    build/stm32f1xx_hal_dma.o
HAL_DMA_GetError                                  build/stm32f1xx_hal_dma.o
                                                  build/stm32f1xx_hal_uart.o
HAL_DMA_GetState                                  build/stm32f1xx_hal_dma.o
HAL_DMA_IRQHandler                                build/stm32f1xx_hal_dma.o
HAL_DMA_Init                                      build/stm32f1xx_hal_dma.o
HAL_DMA_PollForTransfer                           build/stm32f1xx_hal_dma.o
HAL_DMA_RegisterCallback                          build/stm32f1xx_hal_dma.o
HAL_DMA_Start                                     build/stm32f1xx_hal_dma.o
HAL_DMA_Start_IT                                  build/stm32f1xx_hal_dma.o
                                                  build/stm32f1xx_hal_uart.o
                                                  build/stm32f1xx_hal_spi.o
HAL_DMA_UnRegisterCallback                        build/stm32f1xx_hal_dma.o
HAL_DeInit                                        build/stm32f1xx_hal.o
HAL_Delay                                         build/stm32f1xx_hal.o
HAL_EXTI_ClearConfigLine                          build/stm32f1xx_hal_exti.o
HAL_EXTI_ClearPending                             build/stm32f1xx_hal_exti.o
HAL_EXTI_GenerateSWI                              build/stm32f1xx_hal_exti.o
HAL_EXTI_GetConfigLine                            build/stm32f1xx_hal_exti.o
HAL_EXTI_GetHandle                                build/stm32f1xx_hal_exti.o
HAL_EXTI_GetPending                               build/stm32f1xx_hal_exti.o
HAL_EXTI_IRQHandler                               build/stm32f1xx_hal_exti.o
HAL_EXTI_RegisterCallback                         build/stm32f1xx_hal_exti.o
HAL_EXTI_SetConfigLine                            build/stm32f1xx_hal_exti.o
HAL_FLASHEx_Erase                                 build/stm32f1xx_hal_flash_ex.o
HAL_FLASHEx_Erase_IT                              build/stm32f1xx_hal_flash_ex.o
HAL_FLASHEx_OBErase                               build/stm32f1xx_hal_flash_ex.o
HAL_FLASHEx_OBGetConfig                           build/stm32f1xx_hal_flash_ex.o
HAL_FLASHEx_OBGetUserData                         build/stm32f1xx_hal_flash_ex.o
HAL_FLASHEx_OBProgram                             build/stm32f1xx_hal_flash_ex.o
HAL_FLASH_EndOfOperationCallback                  build/stm32f1xx_hal_flash.o
HAL_FLASH_GetError                                build/stm32f1xx_hal_flash.o
HAL_FLASH_IRQHandler                              build/stm32f1xx_hal_flash.o
HAL_FLASH_Lock                                    build/stm32f1xx_hal_flash.o
HAL_FLASH_OB_Launch                               build/stm32f1xx_hal_flash.o
HAL_FLASH_OB_Lock                                 build/stm32f1xx_hal_flash.o
HAL_FLASH_OB_Unlock                               build/stm32f1xx_hal_flash.o
HAL_FLASH_OperationErrorCallback                  build/stm32f1xx_hal_flash.o
HAL_FLASH_Program                                 build/stm32f1xx_hal_flash.o
HAL_FLASH_Program_IT                              build/stm32f1xx_hal_flash.o
HAL_FLASH_Unlock                                  build/stm32f1xx_hal_flash.o
HAL_GPIOEx_ConfigEventout                         build/stm32f1xx_hal_gpio_ex.o
HAL_GPIOEx_DisableEventout                        build/stm32f1xx_hal_gpio_ex.o
HAL_GPIOEx_EnableEventout                         build/stm32f1xx_hal_gpio_ex.o
HAL_GPIO_DeInit                                   build/stm32f1xx_hal_gpio.o
                                                  build/usart.o
                                                  build/spi.o
HAL_GPIO_EXTI_Callback                            build/stm32f1xx_hal_gpio.o
HAL_GPIO_EXTI_IRQHandler                          build/stm32f1xx_hal_gpio.o
HAL_GPIO_Init                                     build/stm32f1xx_hal_gpio.o
                                                  build/stm32f1xx_hal_rcc.o
                                                  build/usart.o
                                                  build/spi.o
HAL_GPIO_LockPin                                  build/stm32f1xx_hal_gpio.o
HAL_GPIO_ReadPin                                  build/stm32f1xx_hal_gpio.o
HAL_GPIO_TogglePin                                build/stm32f1xx_hal_gpio.o
HAL_GPIO_WritePin                                 build/stm32f1xx_hal_gpio.o
HAL_GetDEVID                                      build/stm32f1xx_hal.o
HAL_GetHalVersion                                 build/stm32f1xx_hal.o
HAL_GetREVID                                      build/stm32f1xx_hal.o
HAL_GetTick                                       build/stm32f1xx_hal.o
                                                  build/stm32f1xx_hal_uart.o
                                                  build/stm32f1xx_hal_flash.o
                                                  build/stm32f1xx_hal_dma.o
                                                  build/stm32f1xx_hal_rcc_ex.o
                                                  build/stm32f1xx_hal_rcc.o
                                                  build/stm32f1xx_hal_spi.o
HAL_GetTickFreq                                   build/stm32f1xx_hal.o
HAL_GetTickPrio                                   build/stm32f1xx_hal.o
HAL_GetUIDw0                                      build/stm32f1xx_hal.o
HAL_GetUIDw1                                      build/stm32f1xx_hal.o
HAL_GetUIDw2                                      build/stm32f1xx_hal.o
HAL_HalfDuplex_EnableReceiver                     build/stm32f1xx_hal_uart.o
HAL_HalfDuplex_EnableTransmitter                  build/stm32f1xx_hal_uart.o
HAL_HalfDuplex_Init                               build/stm32f1xx_hal_uart.o
HAL_IncTick                                       build/stm32f1xx_hal.o
                                                  build/stm32f1xx_it.o
HAL_Init                                          build/stm32f1xx_hal.o
                                                  build/main.o
HAL_InitTick                                      build/stm32f1xx_hal.o
                                                  build/stm32f1xx_hal_rcc.o
HAL_LIN_Init                                      build/stm32f1xx_hal_uart.o
HAL_LIN_SendBreak                                 build/stm32f1xx_hal_uart.o
HAL_MspDeInit                                     build/stm32f1xx_hal.o
HAL_MspInit                                       build/stm32f1xx_hal_msp.o
HAL_MultiProcessor_EnterMuteMode                  build/stm32f1xx_hal_uart.o
HAL_MultiProcessor_ExitMuteMode                   build/stm32f1xx_hal_uart.o
HAL_MultiProcessor_Init                           build/stm32f1xx_hal_uart.o
HAL_NVIC_ClearPendingIRQ                          build/stm32f1xx_hal_cortex.o
HAL_NVIC_DisableIRQ                               build/stm32f1xx_hal_cortex.o
                                                  build/usart.o
                                                  build/spi.o
HAL_NVIC_EnableIRQ                                build/stm32f1xx_hal_cortex.o
                                                  build/usart.o
                                                  build/spi.o
HAL_NVIC_GetActive                                build/stm32f1xx_hal_cortex.o
HAL_NVIC_GetPendingIRQ                            build/stm32f1xx_hal_cortex.o
HAL_NVIC_GetPriority                              build/stm32f1xx_hal_cortex.o
HAL_NVIC_GetPriorityGrouping                      build/stm32f1xx_hal_cortex.o
HAL_NVIC_SetPendingIRQ                            build/stm32f1xx_hal_cortex.o
HAL_NVIC_SetPriority                              build/stm32f1xx_hal_cortex.o
                                                  build/stm32f1xx_hal.o
                                                  build/usart.o
                                                  build/spi.o
HAL_NVIC_SetPriorityGrouping                      build/stm32f1xx_hal_cortex.o
                                                  build/stm32f1xx_hal.o
HAL_NVIC_SystemReset                              build/stm32f1xx_hal_cortex.o
                                                  build/stm32f1xx_hal_flash.o
HAL_PWR_ConfigPVD                                 build/stm32f1xx_hal_pwr.o
HAL_PWR_DeInit                                    build/stm32f1xx_hal_pwr.o
HAL_PWR_DisableBkUpAccess                         build/stm32f1xx_hal_pwr.o
HAL_PWR_DisablePVD                                build/stm32f1xx_hal_pwr.o
HAL_PWR_DisableSEVOnPend                          build/stm32f1xx_hal_pwr.o
HAL_PWR_DisableSleepOnExit                        build/stm32f1xx_hal_pwr.o
HAL_PWR_DisableWakeUpPin                          build/stm32f1xx_hal_pwr.o
HAL_PWR_EnableBkUpAccess                          build/stm32f1xx_hal_pwr.o
HAL_PWR_EnablePVD                                 build/stm32f1xx_hal_pwr.o
HAL_PWR_EnableSEVOnPend                           build/stm32f1xx_hal_pwr.o
HAL_PWR_EnableSleepOnExit                         build/stm32f1xx_hal_pwr.o
HAL_PWR_EnableWakeUpPin                           build/stm32f1xx_hal_pwr.o
HAL_PWR_EnterSLEEPMode                            build/stm32f1xx_hal_pwr.o
HAL_PWR_EnterSTANDBYMode                          build/stm32f1xx_hal_pwr.o
HAL_PWR_EnterSTOPMode                             build/stm32f1xx_hal_pwr.o
HAL_PWR_PVDCallback                               build/stm32f1xx_hal_pwr.o
HAL_PWR_PVD_IRQHandler                            build/stm32f1xx_hal_pwr.o
HAL_RCCEx_GetPeriphCLKConfig                      build/stm32f1xx_hal_rcc_ex.o
HAL_RCCEx_GetPeriphCLKFreq                        build/stm32f1xx_hal_rcc_ex.o
HAL_RCCEx_PeriphCLKConfig                         build/stm32f1xx_hal_rcc_ex.o
HAL_RCC_CSSCallback                               build/stm32f1xx_hal_rcc.o
HAL_RCC_ClockConfig                               build/stm32f1xx_hal_rcc.o
                                                  build/main.o
HAL_RCC_DeInit                                    build/stm32f1xx_hal_rcc.o
HAL_RCC_DisableCSS                                build/stm32f1xx_hal_rcc.o
HAL_RCC_EnableCSS                                 build/stm32f1xx_hal_rcc.o
HAL_RCC_GetClockConfig                            build/stm32f1xx_hal_rcc.o
HAL_RCC_GetHCLKFreq                               build/stm32f1xx_hal_rcc.o
HAL_RCC_GetOscConfig                              build/stm32f1xx_hal_rcc.o
HAL_RCC_GetPCLK1Freq                              build/stm32f1xx_hal_rcc.o
                                                  build/stm32f1xx_hal_uart.o
HAL_RCC_GetPCLK2Freq                              build/stm32f1xx_hal_rcc.o
                                                  build/stm32f1xx_hal_uart.o
                                                  build/stm32f1xx_hal_rcc_ex.o
HAL_RCC_GetSysClockFreq                           build/stm32f1xx_hal_rcc.o
HAL_RCC_MCOConfig                                 build/stm32f1xx_hal_rcc.o
HAL_RCC_NMI_IRQHandler                            build/stm32f1xx_hal_rcc.o
HAL_RCC_OscConfig                                 build/stm32f1xx_hal_rcc.o
                                                  build/main.o
HAL_ResumeTick                                    build/stm32f1xx_hal.o
HAL_SPI_Abort                                     build/stm32f1xx_hal_spi.o
HAL_SPI_AbortCpltCallback                         build/stm32f1xx_hal_spi.o
HAL_SPI_Abort_IT                                  build/stm32f1xx_hal_spi.o
HAL_SPI_DMAPause                                  build/stm32f1xx_hal_spi.o
HAL_SPI_DMAResume                                 build/stm32f1xx_hal_spi.o
HAL_SPI_DMAStop                                   build/stm32f1xx_hal_spi.o
HAL_SPI_DeInit                                    build/stm32f1xx_hal_spi.o
HAL_SPI_ErrorCallback                             build/stm32f1xx_hal_spi.o
HAL_SPI_GetError                                  build/stm32f1xx_hal_spi.o
HAL_SPI_GetState                                  build/stm32f1xx_hal_spi.o
HAL_SPI_IRQHandler                                build/stm32f1xx_hal_spi.o
                                                  build/stm32f1xx_it.o
HAL_SPI_Init                                      build/stm32f1xx_hal_spi.o
                                                  build/spi.o
HAL_SPI_MspDeInit                                 build/spi.o
HAL_SPI_MspInit                                   build/spi.o
HAL_SPI_Receive                                   build/stm32f1xx_hal_spi.o
HAL_SPI_Receive_DMA                               build/stm32f1xx_hal_spi.o
HAL_SPI_Receive_IT                                build/stm32f1xx_hal_spi.o
HAL_SPI_RxCpltCallback                            build/stm32f1xx_hal_spi.o
HAL_SPI_RxHalfCpltCallback                        build/stm32f1xx_hal_spi.o
HAL_SPI_Transmit                                  build/stm32f1xx_hal_spi.o
HAL_SPI_TransmitReceive                           build/stm32f1xx_hal_spi.o
HAL_SPI_TransmitReceive_DMA                       build/stm32f1xx_hal_spi.o
HAL_SPI_TransmitReceive_IT                        build/stm32f1xx_hal_spi.o
HAL_SPI_Transmit_DMA                              build/stm32f1xx_hal_spi.o
HAL_SPI_Transmit_IT                               build/stm32f1xx_hal_spi.o
HAL_SPI_TxCpltCallback                            build/stm32f1xx_hal_spi.o
HAL_SPI_TxHalfCpltCallback                        build/stm32f1xx_hal_spi.o
HAL_SPI_TxRxCpltCallback                          build/stm32f1xx_hal_spi.o
HAL_SPI_TxRxHalfCpltCallback                      build/stm32f1xx_hal_spi.o
HAL_SYSTICK_CLKSourceConfig                       build/stm32f1xx_hal_cortex.o
HAL_SYSTICK_Callback                              build/stm32f1xx_hal_cortex.o
HAL_SYSTICK_Config                                build/stm32f1xx_hal_cortex.o
                                                  build/stm32f1xx_hal.o
HAL_SYSTICK_IRQHandler                            build/stm32f1xx_hal_cortex.o
HAL_SetTickFreq                                   build/stm32f1xx_hal.o
HAL_SuspendTick                                   build/stm32f1xx_hal.o
HAL_UARTEx_GetRxEventType                         build/stm32f1xx_hal_uart.o
HAL_UARTEx_ReceiveToIdle                          build/stm32f1xx_hal_uart.o
HAL_UARTEx_ReceiveToIdle_DMA                      build/stm32f1xx_hal_uart.o
HAL_UARTEx_ReceiveToIdle_IT                       build/stm32f1xx_hal_uart.o
HAL_UARTEx_RxEventCallback                        build/stm32f1xx_hal_uart.o
HAL_UART_Abort                                    build/stm32f1xx_hal_uart.o
HAL_UART_AbortCpltCallback                        build/stm32f1xx_hal_uart.o
HAL_UART_AbortReceive                             build/stm32f1xx_hal_uart.o
HAL_UART_AbortReceiveCpltCallback                 build/stm32f1xx_hal_uart.o
HAL_UART_AbortReceive_IT                          build/stm32f1xx_hal_uart.o
HAL_UART_AbortTransmit                            build/stm32f1xx_hal_uart.o
HAL_UART_AbortTransmitCpltCallback                build/stm32f1xx_hal_uart.o
HAL_UART_AbortTransmit_IT                         build/stm32f1xx_hal_uart.o
HAL_UART_Abort_IT                                 build/stm32f1xx_hal_uart.o
HAL_UART_DMAPause                                 build/stm32f1xx_hal_uart.o
HAL_UART_DMAResume                                build/stm32f1xx_hal_uart.o
HAL_UART_DMAStop                                  build/stm32f1xx_hal_uart.o
HAL_UART_DeInit                                   build/stm32f1xx_hal_uart.o
HAL_UART_ErrorCallback                            build/stm32f1xx_hal_uart.o
HAL_UART_GetError                                 build/stm32f1xx_hal_uart.o
HAL_UART_GetState                                 build/stm32f1xx_hal_uart.o
HAL_UART_IRQHandler                               build/stm32f1xx_hal_uart.o
                                                  build/stm32f1xx_it.o
HAL_UART_Init                                     build/stm32f1xx_hal_uart.o
                                                  build/usart.o
HAL_UART_MspDeInit                                build/usart.o
HAL_UART_MspInit                                  build/usart.o
HAL_UART_Receive                                  build/stm32f1xx_hal_uart.o
HAL_UART_Receive_DMA                              build/stm32f1xx_hal_uart.o
HAL_UART_Receive_IT                               build/stm32f1xx_hal_uart.o
HAL_UART_RxCpltCallback                           build/stm32f1xx_hal_uart.o
HAL_UART_RxHalfCpltCallback                       build/stm32f1xx_hal_uart.o
HAL_UART_Transmit                                 build/stm32f1xx_hal_uart.o
HAL_UART_Transmit_DMA                             build/stm32f1xx_hal_uart.o
HAL_UART_Transmit_IT                              build/stm32f1xx_hal_uart.o
HAL_UART_TxCpltCallback                           build/stm32f1xx_hal_uart.o
HAL_UART_TxHalfCpltCallback                       build/stm32f1xx_hal_uart.o
HardFault_Handler                                 build/stm32f1xx_it.o
I2C1_ER_IRQHandler                                build/startup_stm32f103xb.o
I2C1_EV_IRQHandler                                build/startup_stm32f103xb.o
I2C2_ER_IRQHandler                                build/startup_stm32f103xb.o
I2C2_EV_IRQHandler                                build/startup_stm32f103xb.o
MX_GPIO_Init                                      build/gpio.o
                                                  build/main.o
MX_SPI1_Init                                      build/spi.o
                                                  build/main.o
MX_USART1_UART_Init                               build/usart.o
                                                  build/main.o
MemManage_Handler                                 build/stm32f1xx_it.o
NMI_Handler                                       build/stm32f1xx_it.o
PVD_IRQHandler                                    build/startup_stm32f103xb.o
PendSV_Handler                                    build/stm32f1xx_it.o
RCC_IRQHandler                                    build/startup_stm32f103xb.o
RTC_Alarm_IRQHandler                              build/startup_stm32f103xb.o
RTC_IRQHandler                                    build/startup_stm32f103xb.o
Reset_Handler                                     build/startup_stm32f103xb.o
SPI1_IRQHandler                                   build/stm32f1xx_it.o
SPI2_IRQHandler                                   build/startup_stm32f103xb.o
SVC_Handler                                       build/stm32f1xx_it.o
SysTick_Handler                                   build/stm32f1xx_it.o
SystemClock_Config                                build/main.o
SystemCoreClock                                   build/system_stm32f1xx.o
                                                  build/stm32f1xx_hal_rcc.o
                                                  build/stm32f1xx_hal.o
                                                  build/stm32f1xx_hal_spi.o
SystemCoreClockUpdate                             build/system_stm32f1xx.o
SystemInit                                        build/system_stm32f1xx.o
                                                  build/startup_stm32f103xb.o
TAMPER_IRQHandler                                 build/startup_stm32f103xb.o
TIM1_BRK_IRQHandler                               build/startup_stm32f103xb.o
TIM1_CC_IRQHandler                                build/startup_stm32f103xb.o
TIM1_TRG_COM_IRQHandler                           build/startup_stm32f103xb.o
TIM1_UP_IRQHandler                                build/startup_stm32f103xb.o
TIM2_IRQHandler                                   build/startup_stm32f103xb.o
TIM3_IRQHandler                                   build/startup_stm32f103xb.o
TIM4_IRQHandler                                   build/startup_stm32f103xb.o
UART_Start_Receive_DMA                            build/stm32f1xx_hal_uart.o
UART_Start_Receive_IT                             build/stm32f1xx_hal_uart.o
USART1_IRQHandler                                 build/stm32f1xx_it.o
USART2_IRQHandler                                 build/startup_stm32f103xb.o
USART3_IRQHandler                                 build/startup_stm32f103xb.o
USBWakeUp_IRQHandler                              build/startup_stm32f103xb.o
USB_HP_CAN1_TX_IRQHandler                         build/startup_stm32f103xb.o
USB_LP_CAN1_RX0_IRQHandler                        build/startup_stm32f103xb.o
UsageFault_Handler                                build/stm32f1xx_it.o
WWDG_IRQHandler                                   build/startup_stm32f103xb.o
_ITM_deregisterTMCloneTable                       /usr/lib/gcc/arm-none-eabi/10.3.1/thumb/v7-m/nofp/crtbegin.o
_ITM_registerTMCloneTable                         /usr/lib/gcc/arm-none-eabi/10.3.1/thumb/v7-m/nofp/crtbegin.o
__TMC_END__                                       /usr/lib/gcc/arm-none-eabi/10.3.1/thumb/v7-m/nofp/crtend.o
                                                  /usr/lib/gcc/arm-none-eabi/10.3.1/thumb/v7-m/nofp/crtbegin.o
__atexit_dummy                                    /usr/lib/gcc/arm-none-eabi/10.3.1/../../../arm-none-eabi/lib/thumb/v7-m/nofp/libc_nano.a(lib_a-__atexit.o)
__bss_end__                                       /usr/lib/gcc/arm-none-eabi/10.3.1/../../../arm-none-eabi/lib/thumb/v7-m/nofp/crt0.o
__bss_start__                                     /usr/lib/gcc/arm-none-eabi/10.3.1/../../../arm-none-eabi/lib/thumb/v7-m/nofp/crt0.o
__call_exitprocs                                  /usr/lib/gcc/arm-none-eabi/10.3.1/../../../arm-none-eabi/lib/thumb/v7-m/nofp/libc_nano.a(lib_a-__call_atexit.o)
                                                  /usr/lib/gcc/arm-none-eabi/10.3.1/../../../arm-none-eabi/lib/thumb/v7-m/nofp/libc_nano.a(lib_a-__atexit.o)
                                                  /usr/lib/gcc/arm-none-eabi/10.3.1/../../../arm-none-eabi/lib/thumb/v7-m/nofp/libc_nano.a(lib_a-exit.o)
__deregister_frame_info                           /usr/lib/gcc/arm-none-eabi/10.3.1/thumb/v7-m/nofp/crtbegin.o
__dso_handle                                      /usr/lib/gcc/arm-none-eabi/10.3.1/thumb/v7-m/nofp/crtbegin.o
__fini_array_end                                  /usr/lib/gcc/arm-none-eabi/10.3.1/../../../arm-none-eabi/lib/thumb/v7-m/nofp/libc_nano.a(lib_a-fini.o)
__fini_array_start                                /usr/lib/gcc/arm-none-eabi/10.3.1/../../../arm-none-eabi/lib/thumb/v7-m/nofp/libc_nano.a(lib_a-fini.o)
__init_array_end                                  /usr/lib/gcc/arm-none-eabi/10.3.1/../../../arm-none-eabi/lib/thumb/v7-m/nofp/libc_nano.a(lib_a-init.o)
__init_array_start                                /usr/lib/gcc/arm-none-eabi/10.3.1/../../../arm-none-eabi/lib/thumb/v7-m/nofp/libc_nano.a(lib_a-init.o)
__libc_fini_array                                 /usr/lib/gcc/arm-none-eabi/10.3.1/../../../arm-none-eabi/lib/thumb/v7-m/nofp/libc_nano.a(lib_a-fini.o)
                                                  /usr/lib/gcc/arm-none-eabi/10.3.1/../../../arm-none-eabi/lib/thumb/v7-m/nofp/crt0.o
__libc_init_array                                 /usr/lib/gcc/arm-none-eabi/10.3.1/../../../arm-none-eabi/lib/thumb/v7-m/nofp/libc_nano.a(lib_a-init.o)
                                                  build/startup_stm32f103xb.o
                                                  /usr/lib/gcc/arm-none-eabi/10.3.1/../../../arm-none-eabi/lib/thumb/v7-m/nofp/crt0.o
__on_exit_args                                    /usr/lib/gcc/arm-none-eabi/10.3.1/../../../arm-none-eabi/lib/thumb/v7-m/nofp/libc_nano.a(lib_a-__atexit.o)
__preinit_array_end                               /usr/lib/gcc/arm-none-eabi/10.3.1/../../../arm-none-eabi/lib/thumb/v7-m/nofp/libc_nano.a(lib_a-init.o)
__preinit_array_start                             /usr/lib/gcc/arm-none-eabi/10.3.1/../../../arm-none-eabi/lib/thumb/v7-m/nofp/libc_nano.a(lib_a-init.o)
__register_exitproc                               /usr/lib/gcc/arm-none-eabi/10.3.1/../../../arm-none-eabi/lib/thumb/v7-m/nofp/libc_nano.a(lib_a-__atexit.o)
                                                  /usr/lib/gcc/arm-none-eabi/10.3.1/../../../arm-none-eabi/lib/thumb/v7-m/nofp/libc_nano.a(lib_a-atexit.o)
__register_frame_info                             /usr/lib/gcc/arm-none-eabi/10.3.1/thumb/v7-m/nofp/crtbegin.o
__sf_fake_stderr                                  /usr/lib/gcc/arm-none-eabi/10.3.1/../../../arm-none-eabi/lib/thumb/v7-m/nofp/libc_nano.a(lib_a-impure.o)
__sf_fake_stdin                                   /usr/lib/gcc/arm-none-eabi/10.3.1/../../../arm-none-eabi/lib/thumb/v7-m/nofp/libc_nano.a(lib_a-impure.o)
__sf_fake_stdout                                  /usr/lib/gcc/arm-none-eabi/10.3.1/../../../arm-none-eabi/lib/thumb/v7-m/nofp/libc_nano.a(lib_a-impure.o)
__stack                                           /usr/lib/gcc/arm-none-eabi/10.3.1/../../../arm-none-eabi/lib/thumb/v7-m/nofp/crt0.o
_ebss                                             build/startup_stm32f103xb.o
_edata                                            build/startup_stm32f103xb.o
_estack                                           build/startup_stm32f103xb.o
_exit                                             /usr/lib/gcc/arm-none-eabi/10.3.1/../../../arm-none-eabi/lib/thumb/v7-m/nofp/libnosys.a(_exit.o)
                                                  /usr/lib/gcc/arm-none-eabi/10.3.1/../../../arm-none-eabi/lib/thumb/v7-m/nofp/libc_nano.a(lib_a-exit.o)
_fini                                             /usr/lib/gcc/arm-none-eabi/10.3.1/thumb/v7-m/nofp/crti.o
                                                  /usr/lib/gcc/arm-none-eabi/10.3.1/../../../arm-none-eabi/lib/thumb/v7-m/nofp/libc_nano.a(lib_a-fini.o)
_global_atexit                                    /usr/lib/gcc/arm-none-eabi/10.3.1/../../../arm-none-eabi/lib/thumb/v7-m/nofp/libc_nano.a(lib_a-__call_atexit.o)
                                                  /usr/lib/gcc/arm-none-eabi/10.3.1/../../../arm-none-eabi/lib/thumb/v7-m/nofp/libc_nano.a(lib_a-__atexit.o)
_global_impure_ptr                                /usr/lib/gcc/arm-none-eabi/10.3.1/../../../arm-none-eabi/lib/thumb/v7-m/nofp/libc_nano.a(lib_a-impure.o)
                                                  /usr/lib/gcc/arm-none-eabi/10.3.1/../../../arm-none-eabi/lib/thumb/v7-m/nofp/libc_nano.a(lib_a-exit.o)
_impure_ptr                                       /usr/lib/gcc/arm-none-eabi/10.3.1/../../../arm-none-eabi/lib/thumb/v7-m/nofp/libc_nano.a(lib_a-impure.o)
_init                                             /usr/lib/gcc/arm-none-eabi/10.3.1/thumb/v7-m/nofp/crti.o
                                                  /usr/lib/gcc/arm-none-eabi/10.3.1/../../../arm-none-eabi/lib/thumb/v7-m/nofp/libc_nano.a(lib_a-init.o)
_mainCRTStartup                                   /usr/lib/gcc/arm-none-eabi/10.3.1/../../../arm-none-eabi/lib/thumb/v7-m/nofp/crt0.o
_sbss                                             build/startup_stm32f103xb.o
_sdata                                            build/startup_stm32f103xb.o
_sidata                                           build/startup_stm32f103xb.o
_stack_init                                       /usr/lib/gcc/arm-none-eabi/10.3.1/../../../arm-none-eabi/lib/thumb/v7-m/nofp/crt0.o
_start                                            /usr/lib/gcc/arm-none-eabi/10.3.1/../../../arm-none-eabi/lib/thumb/v7-m/nofp/crt0.o
atexit                                            /usr/lib/gcc/arm-none-eabi/10.3.1/../../../arm-none-eabi/lib/thumb/v7-m/nofp/libc_nano.a(lib_a-atexit.o)
                                                  /usr/lib/gcc/arm-none-eabi/10.3.1/../../../arm-none-eabi/lib/thumb/v7-m/nofp/crt0.o
exit                                              /usr/lib/gcc/arm-none-eabi/10.3.1/../../../arm-none-eabi/lib/thumb/v7-m/nofp/libc_nano.a(lib_a-exit.o)
                                                  /usr/lib/gcc/arm-none-eabi/10.3.1/../../../arm-none-eabi/lib/thumb/v7-m/nofp/crt0.o
g_pfnVectors                                      build/startup_stm32f103xb.o
hardware_init_hook                                /usr/lib/gcc/arm-none-eabi/10.3.1/../../../arm-none-eabi/lib/thumb/v7-m/nofp/crt0.o
hspi1                                             build/spi.o
                                                  build/stm32f1xx_it.o
huart1                                            build/usart.o
                                                  build/stm32f1xx_it.o
main                                              build/main.o
                                                  build/startup_stm32f103xb.o
                                                  /usr/lib/gcc/arm-none-eabi/10.3.1/../../../arm-none-eabi/lib/thumb/v7-m/nofp/crt0.o
malloc                                            /usr/lib/gcc/arm-none-eabi/10.3.1/../../../arm-none-eabi/lib/thumb/v7-m/nofp/libc_nano.a(lib_a-__atexit.o)
memset                                            /usr/lib/gcc/arm-none-eabi/10.3.1/../../../arm-none-eabi/lib/thumb/v7-m/nofp/libc_nano.a(lib_a-memset.o)
                                                  build/main.o
                                                  /usr/lib/gcc/arm-none-eabi/10.3.1/../../../arm-none-eabi/lib/thumb/v7-m/nofp/crt0.o
pFlash                                            build/stm32f1xx_hal_flash.o
                                                  build/stm32f1xx_hal_flash_ex.o
software_init_hook                                /usr/lib/gcc/arm-none-eabi/10.3.1/../../../arm-none-eabi/lib/thumb/v7-m/nofp/crt0.o
uwTick                                            build/stm32f1xx_hal.o
uwTickFreq                                        build/stm32f1xx_hal.o
uwTickPrio                                        build/stm32f1xx_hal.o
                                                  build/stm32f1xx_hal_rcc.o
